#! 
:ivl_version "14.0 (devel)" "(s20260301-391-g64f13540a-dirty)";
:ivl_delay_selection "TYPICAL";
:vpi_time_precision + 0;
:vpi_module "E:\oss-cad-suite-windows-x64-20260827\oss-cad-suite\lib\ivl\system.vpi";
:vpi_module "E:\oss-cad-suite-windows-x64-20260827\oss-cad-suite\lib\ivl\vhdl_sys.vpi";
:vpi_module "E:\oss-cad-suite-windows-x64-20260827\oss-cad-suite\lib\ivl\vhdl_textio.vpi";
:vpi_module "E:\oss-cad-suite-windows-x64-20260827\oss-cad-suite\lib\ivl\v2005_math.vpi";
:vpi_module "E:\oss-cad-suite-windows-x64-20260827\oss-cad-suite\lib\ivl\va_math.vpi";
:vpi_module "E:\oss-cad-suite-windows-x64-20260827\oss-cad-suite\lib\ivl\v2009.vpi";
S_0000027fa7686850 .scope package, "$unit" "$unit" 2 1;
 .timescale 0 0;
S_0000027fa76869e0 .scope module, "popcount" "popcount" 3 33;
 .timescale 0 0;
    .port_info 0 /INPUT 16 "data_in";
    .port_info 1 /OUTPUT 5 "count";
P_0000027fa7686fd0 .param/l "OUT_W" 0 3 35, +C4<00000000000000000000000000000101>;
P_0000027fa7687008 .param/l "WIDTH" 0 3 34, +C4<00000000000000000000000000010000>;
v0000027fa766ed00_0 .var "count", 4 0;
o0000027fa76bb038 .functor BUFZ 16, c4<zzzzzzzzzzzzzzzz>; HiZ drive
v0000027fa7686b70_0 .net "data_in", 15 0, o0000027fa76bb038;  0 drivers
E_0000027fa766c270 .event anyedge, v0000027fa7686b70_0;
S_0000027fa7668ff0 .scope begin, "$ivl_for_loop0" "$ivl_for_loop0" 3 61, 3 61 0, S_0000027fa76869e0;
 .timescale 0 0;
v0000027fa7686dd0_0 .var/2s "i", 31 0;
    .scope S_0000027fa76869e0;
T_0 ;
Ewait_0 .event/or E_0000027fa766c270, E_0x0;
    %wait Ewait_0;
    %pushi/vec4 0, 0, 5;
    %store/vec4 v0000027fa766ed00_0, 0, 5;
    %fork t_1, S_0000027fa7668ff0;
    %jmp t_0;
    .scope S_0000027fa7668ff0;
t_1 ;
    %pushi/vec4 0, 0, 32;
    %store/vec4 v0000027fa7686dd0_0, 0, 32;
T_0.0 ; Top of for-loop
    %load/vec4 v0000027fa7686dd0_0;
    %cmpi/s 16, 0, 32;
	  %jmp/0xz T_0.1, 5;
    %load/vec4 v0000027fa766ed00_0;
    %pushi/vec4 0, 0, 4;
    %load/vec4 v0000027fa7686b70_0;
    %load/vec4 v0000027fa7686dd0_0;
    %part/s 1;
    %concat/vec4; draw_concat_vec4
    %add;
    %store/vec4 v0000027fa766ed00_0, 0, 5;
T_0.2 ; for-loop step statement
    ; show_stmt_assign_vector: Get l-value for compressed += operand
    %load/vec4 v0000027fa7686dd0_0;
    %pushi/vec4 1, 0, 32;
    %add;
    %cast2;
    %store/vec4 v0000027fa7686dd0_0, 0, 32;
    %jmp T_0.0;
T_0.1 ; for-loop exit label
    %end;
    .scope S_0000027fa76869e0;
t_0 %join;
    %jmp T_0;
    .thread T_0, $push;
# The file index is used to find the file name in the following table.
:file_names 4;
    "N/A";
    "<interactive>";
    "-";
    "E:\Are_UBNN_KWS\self\src\compute\popcount.sv";
